nev3rwrong found and killed a unicorn UNICORN
Earned 273 coins and 4,291 XP
Lost 12 HP, remaining HP is 1/582
nev3rwrong got 1 🦄 Единорогий рог

nev3rwrong found a dragon ELDER DRAGON but lost the fight
Lost 5,000 coins
